campus: cde
date: '2019-12-19'
menu:
- course_allergens:
  - CELERY
  - SOY
  - WHEAT_GLUTEN
  course_attributes:
  - SOUP
  - VEGAN
  course_sub_type: VEGAN
  course_type: SOUP
  external_id: 1814
  name:
    en: Silt celeriac soup with salicorn
    nl: Zilt knolseldersoepje met zeekraal
  price_staff: null
  price_students: '0.90'
- course_allergens:
  - WHEAT_GLUTEN
  course_attributes:
  - VEGAN
  course_sub_type: VEGAN
  course_type: DAILY
  external_id: 1815
  name:
    en: Pumpkin surprise
    nl: Pumpkin surprise
  price_staff: '4.70'
  price_students: '3.80'
- course_allergens:
  - CELERY
  - EGG
  - MILK_LACTOSE
  - MUSTARD
  - SOY
  - WHEAT_GLUTEN
  course_attributes:
  - CHICKEN
  - GRILL
  course_sub_type: NORMAL
  course_type: GRILL
  external_id: 1816
  name:
    en: Festive turkey burger with small fries
    nl: Festive turkey burger met strofrietjes
  price_staff: '5.70'
  price_students: '4.60'
- course_allergens:
  - EGG
  - FISH
  - MUSTARD
  course_attributes:
  - FISH
  - SALAD
  course_sub_type: NORMAL
  course_type: SALAD
  external_id: 1831
  name:
    en: Wicca salad
    nl: Salade Wicca
  price_staff: '5.70'
  price_students: '4.60'
- course_allergens:
  - NUTS
  - SESAME
  - SHELLFISH
  - SOY
  - WHEAT_GLUTEN
  course_attributes:
  - FISH
  - SALAD
  course_sub_type: NORMAL
  course_type: SALAD
  external_id: 1832
  name:
    en: Buddha bowl with scampi
    nl: Buddha bowl met scampi's
  price_staff: '6.20'
  price_students: '5.00'
- course_allergens:
  - CELERY
  - WHEAT_GLUTEN
  course_attributes:
  - VEGAN
  course_sub_type: VEGAN
  course_type: PASTA
  external_id: 2215
  name:
    en: Wholegrain penne, Mediterranean vegetable sauce
    nl: Volkoren penne, mediterraanse groentesaus
  price_staff: '4.70'
  price_students: '3.80'
- course_allergens:
  - SULFITES
  - WHEAT_GLUTEN
  course_attributes:
  - PIG
  course_sub_type: NORMAL
  course_type: PASTA
  external_id: 2216
  name:
    en: Farfale, Milanese sauce with cubed ham
    nl: Farfale, milanese saus met hamblokjes
  price_staff: '4.70'
  price_students: '3.80'
